// Jest Snapshot v1, https://goo.gl/fbAQLP

exports[`NotFound does not change over time 1`] = `
ShallowWrapper {
  Symbol(enzyme.__root__): [Circular],
  Symbol(enzyme.__unrendered__): <NotFound />,
  Symbol(enzyme.__renderer__): Object {
    "batchedUpdates": [Function],
    "getNode": [Function],
    "render": [Function],
    "simulateError": [Function],
    "simulateEvent": [Function],
    "unmount": [Function],
  },
  Symbol(enzyme.__node__): Object {
    "instance": null,
    "key": undefined,
    "nodeType": "host",
    "props": Object {
      "children": <main
        className=" inner cover"
        role="main"
      >
        <h2>
          Oops. Requested page not found.
        </h2>
        <p
          className="lead"
        >
          <a
            className="btn btn-outline-light"
            href="/#"
          >
            Back home
          </a>
        </p>
      </main>,
      "className": "Custom default-height",
    },
    "ref": null,
    "rendered": Object {
      "instance": null,
      "key": undefined,
      "nodeType": "host",
      "props": Object {
        "children": Array [
          <h2>
            Oops. Requested page not found.
          </h2>,
          <p
            className="lead"
          >
            <a
              className="btn btn-outline-light"
              href="/#"
            >
              Back home
            </a>
          </p>,
        ],
        "className": " inner cover",
        "role": "main",
      },
      "ref": null,
      "rendered": Array [
        Object {
          "instance": null,
          "key": undefined,
          "nodeType": "host",
          "props": Object {
            "children": "Oops. Requested page not found.",
          },
          "ref": null,
          "rendered": "Oops. Requested page not found.",
          "type": "h2",
        },
        Object {
          "instance": null,
          "key": undefined,
          "nodeType": "host",
          "props": Object {
            "children": <a
              className="btn btn-outline-light"
              href="/#"
            >
              Back home
            </a>,
            "className": "lead",
          },
          "ref": null,
          "rendered": Object {
            "instance": null,
            "key": undefined,
            "nodeType": "host",
            "props": Object {
              "children": "Back home",
              "className": "btn btn-outline-light",
              "href": "/#",
            },
            "ref": null,
            "rendered": "Back home",
            "type": "a",
          },
          "type": "p",
        },
      ],
      "type": "main",
    },
    "type": "div",
  },
  Symbol(enzyme.__nodes__): Array [
    Object {
      "instance": null,
      "key": undefined,
      "nodeType": "host",
      "props": Object {
        "children": <main
          className=" inner cover"
          role="main"
        >
          <h2>
            Oops. Requested page not found.
          </h2>
          <p
            className="lead"
          >
            <a
              className="btn btn-outline-light"
              href="/#"
            >
              Back home
            </a>
          </p>
        </main>,
        "className": "Custom default-height",
      },
      "ref": null,
      "rendered": Object {
        "instance": null,
        "key": undefined,
        "nodeType": "host",
        "props": Object {
          "children": Array [
            <h2>
              Oops. Requested page not found.
            </h2>,
            <p
              className="lead"
            >
              <a
                className="btn btn-outline-light"
                href="/#"
              >
                Back home
              </a>
            </p>,
          ],
          "className": " inner cover",
          "role": "main",
        },
        "ref": null,
        "rendered": Array [
          Object {
            "instance": null,
            "key": undefined,
            "nodeType": "host",
            "props": Object {
              "children": "Oops. Requested page not found.",
            },
            "ref": null,
            "rendered": "Oops. Requested page not found.",
            "type": "h2",
          },
          Object {
            "instance": null,
            "key": undefined,
            "nodeType": "host",
            "props": Object {
              "children": <a
                className="btn btn-outline-light"
                href="/#"
              >
                Back home
              </a>,
              "className": "lead",
            },
            "ref": null,
            "rendered": Object {
              "instance": null,
              "key": undefined,
              "nodeType": "host",
              "props": Object {
                "children": "Back home",
                "className": "btn btn-outline-light",
                "href": "/#",
              },
              "ref": null,
              "rendered": "Back home",
              "type": "a",
            },
            "type": "p",
          },
        ],
        "type": "main",
      },
      "type": "div",
    },
  ],
  Symbol(enzyme.__options__): Object {
    "adapter": ReactSixteenAdapter {
      "options": Object {
        "enableComponentDidUpdateOnSetState": true,
        "lifecycles": Object {
          "componentDidUpdate": Object {
            "onSetState": true,
          },
          "getDerivedStateFromProps": true,
          "getSnapshotBeforeUpdate": true,
          "setState": Object {
            "skipsComponentDidUpdateOnNullish": true,
          },
        },
      },
    },
  },
}
`;
