// Jest Snapshot v1, https://goo.gl/fbAQLP

exports[`Cover does not change over time 1`] = `
ShallowWrapper {
  Symbol(enzyme.__root__): [Circular],
  Symbol(enzyme.__unrendered__): <Cover />,
  Symbol(enzyme.__renderer__): Object {
    "batchedUpdates": [Function],
    "getNode": [Function],
    "render": [Function],
    "simulateError": [Function],
    "simulateEvent": [Function],
    "unmount": [Function],
  },
  Symbol(enzyme.__node__): Object {
    "instance": null,
    "key": undefined,
    "nodeType": "host",
    "props": Object {
      "children": Array [
        <div
          className="cover-container d-flex w-100 h-100 p-3 mx-auto flex-column gray-navbar"
        >
          <header
            className="masthead mb-auto container"
          >
            <div
              className="inner container"
            >
              <a
                class="navbar-brand nav-main"
                href="/"
              >
                WeWork
              </a>
              <nav
                className="nav nav-masthead justify-content-center"
              >
                <a
                  className="nav-link"
                  href="/signup"
                >
                  Sign up
                </a>
                <a
                  className="nav-link"
                  href="/signin"
                >
                  Sign in
                </a>
              </nav>
            </div>
          </header>
        </div>,
        <div
          className="Custom lower-height-cover"
        >
          <main
            className=" inner cover"
            role="main"
          >
            <h1
              className="cover-heading"
            >
              Welcome to WeWork
            </h1>
            <p
              className="lead"
            >
              WeWork is a full service, creative working environment with a unique entrepreneurial spirit.
            </p>
            <p
              className="lead"
            >
              <a
                className="btn btn-lg btn-outline-light"
                href="/about"
              >
                Learn more
              </a>
            </p>
          </main>
        </div>,
      ],
    },
    "ref": null,
    "rendered": Array [
      Object {
        "instance": null,
        "key": undefined,
        "nodeType": "host",
        "props": Object {
          "children": <header
            className="masthead mb-auto container"
          >
            <div
              className="inner container"
            >
              <a
                class="navbar-brand nav-main"
                href="/"
              >
                WeWork
              </a>
              <nav
                className="nav nav-masthead justify-content-center"
              >
                <a
                  className="nav-link"
                  href="/signup"
                >
                  Sign up
                </a>
                <a
                  className="nav-link"
                  href="/signin"
                >
                  Sign in
                </a>
              </nav>
            </div>
          </header>,
          "className": "cover-container d-flex w-100 h-100 p-3 mx-auto flex-column gray-navbar",
        },
        "ref": null,
        "rendered": Object {
          "instance": null,
          "key": undefined,
          "nodeType": "host",
          "props": Object {
            "children": <div
              className="inner container"
            >
              <a
                class="navbar-brand nav-main"
                href="/"
              >
                WeWork
              </a>
              <nav
                className="nav nav-masthead justify-content-center"
              >
                <a
                  className="nav-link"
                  href="/signup"
                >
                  Sign up
                </a>
                <a
                  className="nav-link"
                  href="/signin"
                >
                  Sign in
                </a>
              </nav>
            </div>,
            "className": "masthead mb-auto container",
          },
          "ref": null,
          "rendered": Object {
            "instance": null,
            "key": undefined,
            "nodeType": "host",
            "props": Object {
              "children": Array [
                <a
                  class="navbar-brand nav-main"
                  href="/"
                >
                  WeWork
                </a>,
                <nav
                  className="nav nav-masthead justify-content-center"
                >
                  <a
                    className="nav-link"
                    href="/signup"
                  >
                    Sign up
                  </a>
                  <a
                    className="nav-link"
                    href="/signin"
                  >
                    Sign in
                  </a>
                </nav>,
              ],
              "className": "inner container",
            },
            "ref": null,
            "rendered": Array [
              Object {
                "instance": null,
                "key": undefined,
                "nodeType": "host",
                "props": Object {
                  "children": "WeWork",
                  "class": "navbar-brand nav-main",
                  "href": "/",
                },
                "ref": null,
                "rendered": "WeWork",
                "type": "a",
              },
              Object {
                "instance": null,
                "key": undefined,
                "nodeType": "host",
                "props": Object {
                  "children": Array [
                    <a
                      className="nav-link"
                      href="/signup"
                    >
                      Sign up
                    </a>,
                    <a
                      className="nav-link"
                      href="/signin"
                    >
                      Sign in
                    </a>,
                  ],
                  "className": "nav nav-masthead justify-content-center",
                },
                "ref": null,
                "rendered": Array [
                  Object {
                    "instance": null,
                    "key": undefined,
                    "nodeType": "host",
                    "props": Object {
                      "children": "Sign up",
                      "className": "nav-link",
                      "href": "/signup",
                    },
                    "ref": null,
                    "rendered": "Sign up",
                    "type": "a",
                  },
                  Object {
                    "instance": null,
                    "key": undefined,
                    "nodeType": "host",
                    "props": Object {
                      "children": "Sign in",
                      "className": "nav-link",
                      "href": "/signin",
                    },
                    "ref": null,
                    "rendered": "Sign in",
                    "type": "a",
                  },
                ],
                "type": "nav",
              },
            ],
            "type": "div",
          },
          "type": "header",
        },
        "type": "div",
      },
      Object {
        "instance": null,
        "key": undefined,
        "nodeType": "host",
        "props": Object {
          "children": <main
            className=" inner cover"
            role="main"
          >
            <h1
              className="cover-heading"
            >
              Welcome to WeWork
            </h1>
            <p
              className="lead"
            >
              WeWork is a full service, creative working environment with a unique entrepreneurial spirit.
            </p>
            <p
              className="lead"
            >
              <a
                className="btn btn-lg btn-outline-light"
                href="/about"
              >
                Learn more
              </a>
            </p>
          </main>,
          "className": "Custom lower-height-cover",
        },
        "ref": null,
        "rendered": Object {
          "instance": null,
          "key": undefined,
          "nodeType": "host",
          "props": Object {
            "children": Array [
              <h1
                className="cover-heading"
              >
                Welcome to WeWork
              </h1>,
              <p
                className="lead"
              >
                WeWork is a full service, creative working environment with a unique entrepreneurial spirit.
              </p>,
              <p
                className="lead"
              >
                <a
                  className="btn btn-lg btn-outline-light"
                  href="/about"
                >
                  Learn more
                </a>
              </p>,
            ],
            "className": " inner cover",
            "role": "main",
          },
          "ref": null,
          "rendered": Array [
            Object {
              "instance": null,
              "key": undefined,
              "nodeType": "host",
              "props": Object {
                "children": "Welcome to WeWork",
                "className": "cover-heading",
              },
              "ref": null,
              "rendered": "Welcome to WeWork",
              "type": "h1",
            },
            Object {
              "instance": null,
              "key": undefined,
              "nodeType": "host",
              "props": Object {
                "children": "WeWork is a full service, creative working environment with a unique entrepreneurial spirit.",
                "className": "lead",
              },
              "ref": null,
              "rendered": "WeWork is a full service, creative working environment with a unique entrepreneurial spirit.",
              "type": "p",
            },
            Object {
              "instance": null,
              "key": undefined,
              "nodeType": "host",
              "props": Object {
                "children": <a
                  className="btn btn-lg btn-outline-light"
                  href="/about"
                >
                  Learn more
                </a>,
                "className": "lead",
              },
              "ref": null,
              "rendered": Object {
                "instance": null,
                "key": undefined,
                "nodeType": "host",
                "props": Object {
                  "children": "Learn more",
                  "className": "btn btn-lg btn-outline-light",
                  "href": "/about",
                },
                "ref": null,
                "rendered": "Learn more",
                "type": "a",
              },
              "type": "p",
            },
          ],
          "type": "main",
        },
        "type": "div",
      },
    ],
    "type": "div",
  },
  Symbol(enzyme.__nodes__): Array [
    Object {
      "instance": null,
      "key": undefined,
      "nodeType": "host",
      "props": Object {
        "children": Array [
          <div
            className="cover-container d-flex w-100 h-100 p-3 mx-auto flex-column gray-navbar"
          >
            <header
              className="masthead mb-auto container"
            >
              <div
                className="inner container"
              >
                <a
                  class="navbar-brand nav-main"
                  href="/"
                >
                  WeWork
                </a>
                <nav
                  className="nav nav-masthead justify-content-center"
                >
                  <a
                    className="nav-link"
                    href="/signup"
                  >
                    Sign up
                  </a>
                  <a
                    className="nav-link"
                    href="/signin"
                  >
                    Sign in
                  </a>
                </nav>
              </div>
            </header>
          </div>,
          <div
            className="Custom lower-height-cover"
          >
            <main
              className=" inner cover"
              role="main"
            >
              <h1
                className="cover-heading"
              >
                Welcome to WeWork
              </h1>
              <p
                className="lead"
              >
                WeWork is a full service, creative working environment with a unique entrepreneurial spirit.
              </p>
              <p
                className="lead"
              >
                <a
                  className="btn btn-lg btn-outline-light"
                  href="/about"
                >
                  Learn more
                </a>
              </p>
            </main>
          </div>,
        ],
      },
      "ref": null,
      "rendered": Array [
        Object {
          "instance": null,
          "key": undefined,
          "nodeType": "host",
          "props": Object {
            "children": <header
              className="masthead mb-auto container"
            >
              <div
                className="inner container"
              >
                <a
                  class="navbar-brand nav-main"
                  href="/"
                >
                  WeWork
                </a>
                <nav
                  className="nav nav-masthead justify-content-center"
                >
                  <a
                    className="nav-link"
                    href="/signup"
                  >
                    Sign up
                  </a>
                  <a
                    className="nav-link"
                    href="/signin"
                  >
                    Sign in
                  </a>
                </nav>
              </div>
            </header>,
            "className": "cover-container d-flex w-100 h-100 p-3 mx-auto flex-column gray-navbar",
          },
          "ref": null,
          "rendered": Object {
            "instance": null,
            "key": undefined,
            "nodeType": "host",
            "props": Object {
              "children": <div
                className="inner container"
              >
                <a
                  class="navbar-brand nav-main"
                  href="/"
                >
                  WeWork
                </a>
                <nav
                  className="nav nav-masthead justify-content-center"
                >
                  <a
                    className="nav-link"
                    href="/signup"
                  >
                    Sign up
                  </a>
                  <a
                    className="nav-link"
                    href="/signin"
                  >
                    Sign in
                  </a>
                </nav>
              </div>,
              "className": "masthead mb-auto container",
            },
            "ref": null,
            "rendered": Object {
              "instance": null,
              "key": undefined,
              "nodeType": "host",
              "props": Object {
                "children": Array [
                  <a
                    class="navbar-brand nav-main"
                    href="/"
                  >
                    WeWork
                  </a>,
                  <nav
                    className="nav nav-masthead justify-content-center"
                  >
                    <a
                      className="nav-link"
                      href="/signup"
                    >
                      Sign up
                    </a>
                    <a
                      className="nav-link"
                      href="/signin"
                    >
                      Sign in
                    </a>
                  </nav>,
                ],
                "className": "inner container",
              },
              "ref": null,
              "rendered": Array [
                Object {
                  "instance": null,
                  "key": undefined,
                  "nodeType": "host",
                  "props": Object {
                    "children": "WeWork",
                    "class": "navbar-brand nav-main",
                    "href": "/",
                  },
                  "ref": null,
                  "rendered": "WeWork",
                  "type": "a",
                },
                Object {
                  "instance": null,
                  "key": undefined,
                  "nodeType": "host",
                  "props": Object {
                    "children": Array [
                      <a
                        className="nav-link"
                        href="/signup"
                      >
                        Sign up
                      </a>,
                      <a
                        className="nav-link"
                        href="/signin"
                      >
                        Sign in
                      </a>,
                    ],
                    "className": "nav nav-masthead justify-content-center",
                  },
                  "ref": null,
                  "rendered": Array [
                    Object {
                      "instance": null,
                      "key": undefined,
                      "nodeType": "host",
                      "props": Object {
                        "children": "Sign up",
                        "className": "nav-link",
                        "href": "/signup",
                      },
                      "ref": null,
                      "rendered": "Sign up",
                      "type": "a",
                    },
                    Object {
                      "instance": null,
                      "key": undefined,
                      "nodeType": "host",
                      "props": Object {
                        "children": "Sign in",
                        "className": "nav-link",
                        "href": "/signin",
                      },
                      "ref": null,
                      "rendered": "Sign in",
                      "type": "a",
                    },
                  ],
                  "type": "nav",
                },
              ],
              "type": "div",
            },
            "type": "header",
          },
          "type": "div",
        },
        Object {
          "instance": null,
          "key": undefined,
          "nodeType": "host",
          "props": Object {
            "children": <main
              className=" inner cover"
              role="main"
            >
              <h1
                className="cover-heading"
              >
                Welcome to WeWork
              </h1>
              <p
                className="lead"
              >
                WeWork is a full service, creative working environment with a unique entrepreneurial spirit.
              </p>
              <p
                className="lead"
              >
                <a
                  className="btn btn-lg btn-outline-light"
                  href="/about"
                >
                  Learn more
                </a>
              </p>
            </main>,
            "className": "Custom lower-height-cover",
          },
          "ref": null,
          "rendered": Object {
            "instance": null,
            "key": undefined,
            "nodeType": "host",
            "props": Object {
              "children": Array [
                <h1
                  className="cover-heading"
                >
                  Welcome to WeWork
                </h1>,
                <p
                  className="lead"
                >
                  WeWork is a full service, creative working environment with a unique entrepreneurial spirit.
                </p>,
                <p
                  className="lead"
                >
                  <a
                    className="btn btn-lg btn-outline-light"
                    href="/about"
                  >
                    Learn more
                  </a>
                </p>,
              ],
              "className": " inner cover",
              "role": "main",
            },
            "ref": null,
            "rendered": Array [
              Object {
                "instance": null,
                "key": undefined,
                "nodeType": "host",
                "props": Object {
                  "children": "Welcome to WeWork",
                  "className": "cover-heading",
                },
                "ref": null,
                "rendered": "Welcome to WeWork",
                "type": "h1",
              },
              Object {
                "instance": null,
                "key": undefined,
                "nodeType": "host",
                "props": Object {
                  "children": "WeWork is a full service, creative working environment with a unique entrepreneurial spirit.",
                  "className": "lead",
                },
                "ref": null,
                "rendered": "WeWork is a full service, creative working environment with a unique entrepreneurial spirit.",
                "type": "p",
              },
              Object {
                "instance": null,
                "key": undefined,
                "nodeType": "host",
                "props": Object {
                  "children": <a
                    className="btn btn-lg btn-outline-light"
                    href="/about"
                  >
                    Learn more
                  </a>,
                  "className": "lead",
                },
                "ref": null,
                "rendered": Object {
                  "instance": null,
                  "key": undefined,
                  "nodeType": "host",
                  "props": Object {
                    "children": "Learn more",
                    "className": "btn btn-lg btn-outline-light",
                    "href": "/about",
                  },
                  "ref": null,
                  "rendered": "Learn more",
                  "type": "a",
                },
                "type": "p",
              },
            ],
            "type": "main",
          },
          "type": "div",
        },
      ],
      "type": "div",
    },
  ],
  Symbol(enzyme.__options__): Object {
    "adapter": ReactSixteenAdapter {
      "options": Object {
        "enableComponentDidUpdateOnSetState": true,
        "lifecycles": Object {
          "componentDidUpdate": Object {
            "onSetState": true,
          },
          "getDerivedStateFromProps": true,
          "getSnapshotBeforeUpdate": true,
          "setState": Object {
            "skipsComponentDidUpdateOnNullish": true,
          },
        },
      },
    },
  },
}
`;
