// Jest Snapshot v1, https://goo.gl/fbAQLP

exports[`Footer does not change over time 1`] = `
ShallowWrapper {
  Symbol(enzyme.__root__): [Circular],
  Symbol(enzyme.__unrendered__): <Footer />,
  Symbol(enzyme.__renderer__): Object {
    "batchedUpdates": [Function],
    "getNode": [Function],
    "render": [Function],
    "simulateError": [Function],
    "simulateEvent": [Function],
    "unmount": [Function],
  },
  Symbol(enzyme.__node__): Object {
    "instance": null,
    "key": undefined,
    "nodeType": "host",
    "props": Object {
      "children": Array [
        <div
          className="container text-center text-md-left"
        >
          <div
            className="row"
          >
            <div
              className="col-md-6 col-lg-6 mr-auto my-md-6 my-0 mt-6 mb-1"
            >
              <h5
                className="font-weight-bold text-uppercase mb-4"
              >
                About
              </h5>
              <p>
                Originating in New York, Wework was built on the idea that success breeds more success. We want to redefine how work is done.
              </p>
              <p>
                Plug into our energy and watch your world accelerate.
              </p>
            </div>
            <hr
              className="clearfix w-100 d-md-none"
            />
            <div
              className="col-md-6 col-lg-6 mx-auto my-md-6 my-0 mt-6 mb-1 text-center"
            >
              <h5
                className="font-weight-bold text-uppercase mb-4"
              >
                Address
              </h5>
              <ul
                className="list-unstyled"
              >
                <li>
                  <p>
                     New York, NY 10012, US
                  </p>
                </li>
                <li>
                  <p>
                     wework@info.com
                  </p>
                </li>
                <li>
                  <p>
                     + 01 234 567 88
                  </p>
                </li>
              </ul>
            </div>
          </div>
        </div>,
        <div
          className="footer-copyright text-center py-3"
        >
          Â© 2018 Copyright: WeWork
        </div>,
      ],
      "className": "page-footer font-small mdb-color",
    },
    "ref": null,
    "rendered": Array [
      Object {
        "instance": null,
        "key": undefined,
        "nodeType": "host",
        "props": Object {
          "children": <div
            className="row"
          >
            <div
              className="col-md-6 col-lg-6 mr-auto my-md-6 my-0 mt-6 mb-1"
            >
              <h5
                className="font-weight-bold text-uppercase mb-4"
              >
                About
              </h5>
              <p>
                Originating in New York, Wework was built on the idea that success breeds more success. We want to redefine how work is done.
              </p>
              <p>
                Plug into our energy and watch your world accelerate.
              </p>
            </div>
            <hr
              className="clearfix w-100 d-md-none"
            />
            <div
              className="col-md-6 col-lg-6 mx-auto my-md-6 my-0 mt-6 mb-1 text-center"
            >
              <h5
                className="font-weight-bold text-uppercase mb-4"
              >
                Address
              </h5>
              <ul
                className="list-unstyled"
              >
                <li>
                  <p>
                     New York, NY 10012, US
                  </p>
                </li>
                <li>
                  <p>
                     wework@info.com
                  </p>
                </li>
                <li>
                  <p>
                     + 01 234 567 88
                  </p>
                </li>
              </ul>
            </div>
          </div>,
          "className": "container text-center text-md-left",
        },
        "ref": null,
        "rendered": Object {
          "instance": null,
          "key": undefined,
          "nodeType": "host",
          "props": Object {
            "children": Array [
              <div
                className="col-md-6 col-lg-6 mr-auto my-md-6 my-0 mt-6 mb-1"
              >
                <h5
                  className="font-weight-bold text-uppercase mb-4"
                >
                  About
                </h5>
                <p>
                  Originating in New York, Wework was built on the idea that success breeds more success. We want to redefine how work is done.
                </p>
                <p>
                  Plug into our energy and watch your world accelerate.
                </p>
              </div>,
              <hr
                className="clearfix w-100 d-md-none"
              />,
              <div
                className="col-md-6 col-lg-6 mx-auto my-md-6 my-0 mt-6 mb-1 text-center"
              >
                <h5
                  className="font-weight-bold text-uppercase mb-4"
                >
                  Address
                </h5>
                <ul
                  className="list-unstyled"
                >
                  <li>
                    <p>
                       New York, NY 10012, US
                    </p>
                  </li>
                  <li>
                    <p>
                       wework@info.com
                    </p>
                  </li>
                  <li>
                    <p>
                       + 01 234 567 88
                    </p>
                  </li>
                </ul>
              </div>,
            ],
            "className": "row",
          },
          "ref": null,
          "rendered": Array [
            Object {
              "instance": null,
              "key": undefined,
              "nodeType": "host",
              "props": Object {
                "children": Array [
                  <h5
                    className="font-weight-bold text-uppercase mb-4"
                  >
                    About
                  </h5>,
                  <p>
                    Originating in New York, Wework was built on the idea that success breeds more success. We want to redefine how work is done.
                  </p>,
                  <p>
                    Plug into our energy and watch your world accelerate.
                  </p>,
                ],
                "className": "col-md-6 col-lg-6 mr-auto my-md-6 my-0 mt-6 mb-1",
              },
              "ref": null,
              "rendered": Array [
                Object {
                  "instance": null,
                  "key": undefined,
                  "nodeType": "host",
                  "props": Object {
                    "children": "About",
                    "className": "font-weight-bold text-uppercase mb-4",
                  },
                  "ref": null,
                  "rendered": "About",
                  "type": "h5",
                },
                Object {
                  "instance": null,
                  "key": undefined,
                  "nodeType": "host",
                  "props": Object {
                    "children": "Originating in New York, Wework was built on the idea that success breeds more success. We want to redefine how work is done.",
                  },
                  "ref": null,
                  "rendered": "Originating in New York, Wework was built on the idea that success breeds more success. We want to redefine how work is done.",
                  "type": "p",
                },
                Object {
                  "instance": null,
                  "key": undefined,
                  "nodeType": "host",
                  "props": Object {
                    "children": "Plug into our energy and watch your world accelerate.",
                  },
                  "ref": null,
                  "rendered": "Plug into our energy and watch your world accelerate.",
                  "type": "p",
                },
              ],
              "type": "div",
            },
            Object {
              "instance": null,
              "key": undefined,
              "nodeType": "host",
              "props": Object {
                "className": "clearfix w-100 d-md-none",
              },
              "ref": null,
              "rendered": null,
              "type": "hr",
            },
            Object {
              "instance": null,
              "key": undefined,
              "nodeType": "host",
              "props": Object {
                "children": Array [
                  <h5
                    className="font-weight-bold text-uppercase mb-4"
                  >
                    Address
                  </h5>,
                  <ul
                    className="list-unstyled"
                  >
                    <li>
                      <p>
                         New York, NY 10012, US
                      </p>
                    </li>
                    <li>
                      <p>
                         wework@info.com
                      </p>
                    </li>
                    <li>
                      <p>
                         + 01 234 567 88
                      </p>
                    </li>
                  </ul>,
                ],
                "className": "col-md-6 col-lg-6 mx-auto my-md-6 my-0 mt-6 mb-1 text-center",
              },
              "ref": null,
              "rendered": Array [
                Object {
                  "instance": null,
                  "key": undefined,
                  "nodeType": "host",
                  "props": Object {
                    "children": "Address",
                    "className": "font-weight-bold text-uppercase mb-4",
                  },
                  "ref": null,
                  "rendered": "Address",
                  "type": "h5",
                },
                Object {
                  "instance": null,
                  "key": undefined,
                  "nodeType": "host",
                  "props": Object {
                    "children": Array [
                      <li>
                        <p>
                           New York, NY 10012, US
                        </p>
                      </li>,
                      <li>
                        <p>
                           wework@info.com
                        </p>
                      </li>,
                      <li>
                        <p>
                           + 01 234 567 88
                        </p>
                      </li>,
                    ],
                    "className": "list-unstyled",
                  },
                  "ref": null,
                  "rendered": Array [
                    Object {
                      "instance": null,
                      "key": undefined,
                      "nodeType": "host",
                      "props": Object {
                        "children": <p>
                           New York, NY 10012, US
                        </p>,
                      },
                      "ref": null,
                      "rendered": Object {
                        "instance": null,
                        "key": undefined,
                        "nodeType": "host",
                        "props": Object {
                          "children": " New York, NY 10012, US",
                        },
                        "ref": null,
                        "rendered": " New York, NY 10012, US",
                        "type": "p",
                      },
                      "type": "li",
                    },
                    Object {
                      "instance": null,
                      "key": undefined,
                      "nodeType": "host",
                      "props": Object {
                        "children": <p>
                           wework@info.com
                        </p>,
                      },
                      "ref": null,
                      "rendered": Object {
                        "instance": null,
                        "key": undefined,
                        "nodeType": "host",
                        "props": Object {
                          "children": " wework@info.com",
                        },
                        "ref": null,
                        "rendered": " wework@info.com",
                        "type": "p",
                      },
                      "type": "li",
                    },
                    Object {
                      "instance": null,
                      "key": undefined,
                      "nodeType": "host",
                      "props": Object {
                        "children": <p>
                           + 01 234 567 88
                        </p>,
                      },
                      "ref": null,
                      "rendered": Object {
                        "instance": null,
                        "key": undefined,
                        "nodeType": "host",
                        "props": Object {
                          "children": " + 01 234 567 88",
                        },
                        "ref": null,
                        "rendered": " + 01 234 567 88",
                        "type": "p",
                      },
                      "type": "li",
                    },
                  ],
                  "type": "ul",
                },
              ],
              "type": "div",
            },
          ],
          "type": "div",
        },
        "type": "div",
      },
      Object {
        "instance": null,
        "key": undefined,
        "nodeType": "host",
        "props": Object {
          "children": "Â© 2018 Copyright: WeWork",
          "className": "footer-copyright text-center py-3",
        },
        "ref": null,
        "rendered": "Â© 2018 Copyright: WeWork",
        "type": "div",
      },
    ],
    "type": "footer",
  },
  Symbol(enzyme.__nodes__): Array [
    Object {
      "instance": null,
      "key": undefined,
      "nodeType": "host",
      "props": Object {
        "children": Array [
          <div
            className="container text-center text-md-left"
          >
            <div
              className="row"
            >
              <div
                className="col-md-6 col-lg-6 mr-auto my-md-6 my-0 mt-6 mb-1"
              >
                <h5
                  className="font-weight-bold text-uppercase mb-4"
                >
                  About
                </h5>
                <p>
                  Originating in New York, Wework was built on the idea that success breeds more success. We want to redefine how work is done.
                </p>
                <p>
                  Plug into our energy and watch your world accelerate.
                </p>
              </div>
              <hr
                className="clearfix w-100 d-md-none"
              />
              <div
                className="col-md-6 col-lg-6 mx-auto my-md-6 my-0 mt-6 mb-1 text-center"
              >
                <h5
                  className="font-weight-bold text-uppercase mb-4"
                >
                  Address
                </h5>
                <ul
                  className="list-unstyled"
                >
                  <li>
                    <p>
                       New York, NY 10012, US
                    </p>
                  </li>
                  <li>
                    <p>
                       wework@info.com
                    </p>
                  </li>
                  <li>
                    <p>
                       + 01 234 567 88
                    </p>
                  </li>
                </ul>
              </div>
            </div>
          </div>,
          <div
            className="footer-copyright text-center py-3"
          >
            Â© 2018 Copyright: WeWork
          </div>,
        ],
        "className": "page-footer font-small mdb-color",
      },
      "ref": null,
      "rendered": Array [
        Object {
          "instance": null,
          "key": undefined,
          "nodeType": "host",
          "props": Object {
            "children": <div
              className="row"
            >
              <div
                className="col-md-6 col-lg-6 mr-auto my-md-6 my-0 mt-6 mb-1"
              >
                <h5
                  className="font-weight-bold text-uppercase mb-4"
                >
                  About
                </h5>
                <p>
                  Originating in New York, Wework was built on the idea that success breeds more success. We want to redefine how work is done.
                </p>
                <p>
                  Plug into our energy and watch your world accelerate.
                </p>
              </div>
              <hr
                className="clearfix w-100 d-md-none"
              />
              <div
                className="col-md-6 col-lg-6 mx-auto my-md-6 my-0 mt-6 mb-1 text-center"
              >
                <h5
                  className="font-weight-bold text-uppercase mb-4"
                >
                  Address
                </h5>
                <ul
                  className="list-unstyled"
                >
                  <li>
                    <p>
                       New York, NY 10012, US
                    </p>
                  </li>
                  <li>
                    <p>
                       wework@info.com
                    </p>
                  </li>
                  <li>
                    <p>
                       + 01 234 567 88
                    </p>
                  </li>
                </ul>
              </div>
            </div>,
            "className": "container text-center text-md-left",
          },
          "ref": null,
          "rendered": Object {
            "instance": null,
            "key": undefined,
            "nodeType": "host",
            "props": Object {
              "children": Array [
                <div
                  className="col-md-6 col-lg-6 mr-auto my-md-6 my-0 mt-6 mb-1"
                >
                  <h5
                    className="font-weight-bold text-uppercase mb-4"
                  >
                    About
                  </h5>
                  <p>
                    Originating in New York, Wework was built on the idea that success breeds more success. We want to redefine how work is done.
                  </p>
                  <p>
                    Plug into our energy and watch your world accelerate.
                  </p>
                </div>,
                <hr
                  className="clearfix w-100 d-md-none"
                />,
                <div
                  className="col-md-6 col-lg-6 mx-auto my-md-6 my-0 mt-6 mb-1 text-center"
                >
                  <h5
                    className="font-weight-bold text-uppercase mb-4"
                  >
                    Address
                  </h5>
                  <ul
                    className="list-unstyled"
                  >
                    <li>
                      <p>
                         New York, NY 10012, US
                      </p>
                    </li>
                    <li>
                      <p>
                         wework@info.com
                      </p>
                    </li>
                    <li>
                      <p>
                         + 01 234 567 88
                      </p>
                    </li>
                  </ul>
                </div>,
              ],
              "className": "row",
            },
            "ref": null,
            "rendered": Array [
              Object {
                "instance": null,
                "key": undefined,
                "nodeType": "host",
                "props": Object {
                  "children": Array [
                    <h5
                      className="font-weight-bold text-uppercase mb-4"
                    >
                      About
                    </h5>,
                    <p>
                      Originating in New York, Wework was built on the idea that success breeds more success. We want to redefine how work is done.
                    </p>,
                    <p>
                      Plug into our energy and watch your world accelerate.
                    </p>,
                  ],
                  "className": "col-md-6 col-lg-6 mr-auto my-md-6 my-0 mt-6 mb-1",
                },
                "ref": null,
                "rendered": Array [
                  Object {
                    "instance": null,
                    "key": undefined,
                    "nodeType": "host",
                    "props": Object {
                      "children": "About",
                      "className": "font-weight-bold text-uppercase mb-4",
                    },
                    "ref": null,
                    "rendered": "About",
                    "type": "h5",
                  },
                  Object {
                    "instance": null,
                    "key": undefined,
                    "nodeType": "host",
                    "props": Object {
                      "children": "Originating in New York, Wework was built on the idea that success breeds more success. We want to redefine how work is done.",
                    },
                    "ref": null,
                    "rendered": "Originating in New York, Wework was built on the idea that success breeds more success. We want to redefine how work is done.",
                    "type": "p",
                  },
                  Object {
                    "instance": null,
                    "key": undefined,
                    "nodeType": "host",
                    "props": Object {
                      "children": "Plug into our energy and watch your world accelerate.",
                    },
                    "ref": null,
                    "rendered": "Plug into our energy and watch your world accelerate.",
                    "type": "p",
                  },
                ],
                "type": "div",
              },
              Object {
                "instance": null,
                "key": undefined,
                "nodeType": "host",
                "props": Object {
                  "className": "clearfix w-100 d-md-none",
                },
                "ref": null,
                "rendered": null,
                "type": "hr",
              },
              Object {
                "instance": null,
                "key": undefined,
                "nodeType": "host",
                "props": Object {
                  "children": Array [
                    <h5
                      className="font-weight-bold text-uppercase mb-4"
                    >
                      Address
                    </h5>,
                    <ul
                      className="list-unstyled"
                    >
                      <li>
                        <p>
                           New York, NY 10012, US
                        </p>
                      </li>
                      <li>
                        <p>
                           wework@info.com
                        </p>
                      </li>
                      <li>
                        <p>
                           + 01 234 567 88
                        </p>
                      </li>
                    </ul>,
                  ],
                  "className": "col-md-6 col-lg-6 mx-auto my-md-6 my-0 mt-6 mb-1 text-center",
                },
                "ref": null,
                "rendered": Array [
                  Object {
                    "instance": null,
                    "key": undefined,
                    "nodeType": "host",
                    "props": Object {
                      "children": "Address",
                      "className": "font-weight-bold text-uppercase mb-4",
                    },
                    "ref": null,
                    "rendered": "Address",
                    "type": "h5",
                  },
                  Object {
                    "instance": null,
                    "key": undefined,
                    "nodeType": "host",
                    "props": Object {
                      "children": Array [
                        <li>
                          <p>
                             New York, NY 10012, US
                          </p>
                        </li>,
                        <li>
                          <p>
                             wework@info.com
                          </p>
                        </li>,
                        <li>
                          <p>
                             + 01 234 567 88
                          </p>
                        </li>,
                      ],
                      "className": "list-unstyled",
                    },
                    "ref": null,
                    "rendered": Array [
                      Object {
                        "instance": null,
                        "key": undefined,
                        "nodeType": "host",
                        "props": Object {
                          "children": <p>
                             New York, NY 10012, US
                          </p>,
                        },
                        "ref": null,
                        "rendered": Object {
                          "instance": null,
                          "key": undefined,
                          "nodeType": "host",
                          "props": Object {
                            "children": " New York, NY 10012, US",
                          },
                          "ref": null,
                          "rendered": " New York, NY 10012, US",
                          "type": "p",
                        },
                        "type": "li",
                      },
                      Object {
                        "instance": null,
                        "key": undefined,
                        "nodeType": "host",
                        "props": Object {
                          "children": <p>
                             wework@info.com
                          </p>,
                        },
                        "ref": null,
                        "rendered": Object {
                          "instance": null,
                          "key": undefined,
                          "nodeType": "host",
                          "props": Object {
                            "children": " wework@info.com",
                          },
                          "ref": null,
                          "rendered": " wework@info.com",
                          "type": "p",
                        },
                        "type": "li",
                      },
                      Object {
                        "instance": null,
                        "key": undefined,
                        "nodeType": "host",
                        "props": Object {
                          "children": <p>
                             + 01 234 567 88
                          </p>,
                        },
                        "ref": null,
                        "rendered": Object {
                          "instance": null,
                          "key": undefined,
                          "nodeType": "host",
                          "props": Object {
                            "children": " + 01 234 567 88",
                          },
                          "ref": null,
                          "rendered": " + 01 234 567 88",
                          "type": "p",
                        },
                        "type": "li",
                      },
                    ],
                    "type": "ul",
                  },
                ],
                "type": "div",
              },
            ],
            "type": "div",
          },
          "type": "div",
        },
        Object {
          "instance": null,
          "key": undefined,
          "nodeType": "host",
          "props": Object {
            "children": "Â© 2018 Copyright: WeWork",
            "className": "footer-copyright text-center py-3",
          },
          "ref": null,
          "rendered": "Â© 2018 Copyright: WeWork",
          "type": "div",
        },
      ],
      "type": "footer",
    },
  ],
  Symbol(enzyme.__options__): Object {
    "adapter": ReactSixteenAdapter {
      "options": Object {
        "enableComponentDidUpdateOnSetState": true,
        "lifecycles": Object {
          "componentDidUpdate": Object {
            "onSetState": true,
          },
          "getDerivedStateFromProps": true,
          "getSnapshotBeforeUpdate": true,
          "setState": Object {
            "skipsComponentDidUpdateOnNullish": true,
          },
        },
      },
    },
  },
}
`;
